{
  "status": null,
  "errors": [
    "Chybí datum aktivity v buňce F5"
  ],
  "timestamp": "2025-06-04T08:23:56.227307"
}