{
  "status": null,
  "errors": [],
  "timestamp": "2025-06-04T08:23:56.283494"
}