{
  "status": null,
  "errors": [
    "Chybí datum aktivity v buňce E5",
    "Chybí datum aktivity v buňce F5",
    "Chybí datum aktivity v buňce H5"
  ],
  "timestamp": "2025-06-04T08:22:03.667539"
}