{
  "status": null,
  "errors": [],
  "timestamp": "2025-06-04T08:22:03.719730"
}